// Jest Snapshot v1, https://goo.gl/fbAQLP

exports[`Icon 是个 svg 1`] = `
<svg
  className="sl-icon"
>
  <use
    xlinkHref="#undefined"
  />
</svg>
`;
